THREE.REVISION = 186
allowOverride                true
alphaHash                    false
alphaMap                     null
alphaTest                    0
alphaToCoverage              false
anisotropy                   0
anisotropyMap                null
anisotropyRotation           0
aoMap                        null
aoMapIntensity               1
attenuationColor             Color(ffffff)
attenuationDistance          Infinity
blendAlpha                   0
blendColor                   Color(000000)
blendDst                     205
blendDstAlpha                null
blendEquation                100
blendEquationAlpha           null
blendSrc                     204
blendSrcAlpha                null
blending                     1
bumpMap                      null
bumpScale                    1
clearcoat                    0
clearcoatMap                 null
clearcoatNormalMap           null
clearcoatNormalScale         Vector2(1,1)
clearcoatRoughness           0
clearcoatRoughnessMap        null
clipIntersection             false
clipShadows                  false
clippingPlanes               null
color                        Color(ffffff)
colorWrite                   true
defines                      {"STANDARD":"","PHYSICAL":""}
depthFunc                    3
depthTest                    true
depthWrite                   true
dispersion                   0
displacementBias             0
displacementMap              null
displacementScale            1
dithering                    false
emissive                     Color(000000)
emissiveIntensity            1
emissiveMap                  null
envMap                       null
envMapIntensity              1
envMapRotation               Euler(0,0,0,XYZ)
flatShading                  false
fog                          true
forceSinglePass              false
ior                          1.5
iridescence                  0
iridescenceIOR               1.3
iridescenceMap               null
iridescenceThicknessMap      null
iridescenceThicknessRange    [100,400]
isMaterial                   true
isMeshPhysicalMaterial       true
isMeshStandardMaterial       true
lightMap                     null
lightMapIntensity            1
map                          null
metalness                    0
metalnessMap                 null
name                         
normalMap                    null
normalMapType                0
normalScale                  Vector2(1,1)
opacity                      1
polygonOffset                false
polygonOffsetFactor          0
polygonOffsetUnits           0
precision                    null
premultipliedAlpha           false
retroreflectivity            0
roughness                    1
roughnessMap                 null
shadowSide                   null
sheen                        0
sheenColor                   Color(000000)
sheenColorMap                null
sheenRoughness               1
sheenRoughnessMap            null
side                         0
specularColor                Color(ffffff)
specularColorMap             null
specularIntensity            1
specularIntensityMap         null
stencilFail                  7680
stencilFunc                  519
stencilFuncMask              255
stencilRef                   0
stencilWrite                 false
stencilWriteMask             255
stencilZFail                 7680
stencilZPass                 7680
thickness                    0
thicknessMap                 null
toneMapped                   true
transmission                 0
transmissionMap              null
transparent                  false
type                         MeshPhysicalMaterial
userData                     {}
uuid                         5cbb327c-35e9-41b1-aa78-8bb8a3d6e45b
version                      0
vertexColors                 false
visible                      true
wireframe                    false
wireframeLinecap             round
wireframeLinejoin            round
wireframeLinewidth           1
